{"HostConfigHash":null,"CardHash":"f30952c","Error":null}