{"HostConfigHash":null,"CardHash":"7c04eb1","Error":null}