{"HostConfigHash":null,"CardHash":"ad6bd2b","Error":null}