{"HostConfigHash":null,"CardHash":"98b5c3a","Error":null}