{"HostConfigHash":null,"CardHash":"8d9f2c6","Error":null}