{"HostConfigHash":null,"CardHash":"7735926","Error":null}