{"HostConfigHash":null,"CardHash":"8f6d6d7","Error":null}