{"HostConfigHash":null,"CardHash":"1f998c7","Error":null}