{"HostConfigHash":null,"CardHash":"1d1e87d","Error":null}