{"HostConfigHash":null,"CardHash":"1660256","Error":null}