{"HostConfigHash":null,"CardHash":"a1b7203","Error":null}