{"HostConfigHash":null,"CardHash":"b27d64c","Error":null}