{"HostConfigHash":null,"CardHash":"f26431a","Error":null}