{"HostConfigHash":null,"CardHash":"dbaa7f7","Error":null}