{"HostConfigHash":null,"CardHash":"b789fb3","Error":null}