{"HostConfigHash":null,"CardHash":"0f8e266","Error":null}