{"HostConfigHash":null,"CardHash":"37b6de3","Error":null}