{"HostConfigHash":null,"CardHash":"d48cf9b","Error":null}