{"HostConfigHash":null,"CardHash":"333d0f6","Error":null}