{"HostConfigHash":null,"CardHash":"21526bd","Error":null}