{"HostConfigHash":null,"CardHash":"5818370","Error":null}