{"HostConfigHash":null,"CardHash":"7d74941","Error":null}