{"HostConfigHash":null,"CardHash":"c7fb908","Error":null}