{"HostConfigHash":null,"CardHash":"0af416a","Error":null}