{"HostConfigHash":"569178d","CardHash":"175e3c8","Error":null}