{"HostConfigHash":"569178d","CardHash":"97c95ea","Error":null}