{"HostConfigHash":"569178d","CardHash":"470dd02","Error":null}