{"HostConfigHash":"569178d","CardHash":"d1aa2ae","Error":null}