{"HostConfigHash":"569178d","CardHash":"d2a90f4","Error":null}