{"HostConfigHash":"569178d","CardHash":"37621d4","Error":null}