{"HostConfigHash":"569178d","CardHash":"5818370","Error":null}