{"HostConfigHash":"569178d","CardHash":"68732e0","Error":null}