{"HostConfigHash":"569178d","CardHash":"67206c4","Error":null}