{"HostConfigHash":"569178d","CardHash":"c7fb908","Error":null}