{"HostConfigHash":"569178d","CardHash":"e29e8d3","Error":null}