{"HostConfigHash":"569178d","CardHash":"0bd4870","Error":null}