{"HostConfigHash":"569178d","CardHash":"995adc7","Error":null}