{"HostConfigHash":"569178d","CardHash":"9ceeb58","Error":null}