{"HostConfigHash":"569178d","CardHash":"41213b4","Error":null}