{"HostConfigHash":"569178d","CardHash":"a942a42","Error":null}