{"HostConfigHash":"569178d","CardHash":"c4a8f0e","Error":null}