{"HostConfigHash":"569178d","CardHash":"cd9ae69","Error":null}