{"HostConfigHash":"569178d","CardHash":"e014dce","Error":null}