{"HostConfigHash":"569178d","CardHash":"a1b7203","Error":null}