{"HostConfigHash":"569178d","CardHash":"14b30e6","Error":null}