{"HostConfigHash":"569178d","CardHash":"6ac5b76","Error":null}