{"HostConfigHash":"569178d","CardHash":"f554355","Error":null}