{"HostConfigHash":"569178d","CardHash":"988d4ba","Error":null}