{"HostConfigHash":"569178d","CardHash":"d990175","Error":null}