{"actions":[{"card":{"actions":[],"body":[],"type":"AdaptiveCard","version":"1.2"},"title":"Default","type":"Action.ShowCard"},{"card":{"actions":[],"body":[],"type":"AdaptiveCard","version":"1.2"},"style":"positive","title":"Pawsitive","type":"Action.ShowCard"},{"card":{"actions":[],"body":[],"type":"AdaptiveCard","version":"1.2"},"style":"destructive","title":"Destructive","type":"Action.ShowCard"},{"card":{"actions":[],"body":[],"type":"AdaptiveCard","version":"1.2"},"style":"other","title":"Other","type":"Action.ShowCard"}],"body":[{"text":"This card has two actions, one of which has an icon. The icon is always placed to the left of title.","type":"TextBlock","wrap":true}],"type":"AdaptiveCard","version":"1.2"}